

================================================================
== Vitis HLS Report for 'clarke_inverse_float_s'
================================================================
* Date:           Wed Oct 19 22:36:48 2022

* Version:        2021.2 (Build 3367213 on Tue Oct 19 02:47:39 MDT 2021)
* Project:        foc-rewrite
* Solution:       foc (Vivado IP Flow Target)
* Product family: zynquplus
* Target device:  xczu7ev-ffvc1156-2-e


================================================================
== Performance Estimates
================================================================
+ Timing: 
    * Summary: 
    +--------+----------+----------+------------+
    |  Clock |  Target  | Estimated| Uncertainty|
    +--------+----------+----------+------------+
    |ap_clk  |  10.00 ns|  7.016 ns|     2.70 ns|
    +--------+----------+----------+------------+

+ Latency: 
    * Summary: 
    +---------+---------+----------+----------+-----+-----+---------+
    |  Latency (cycles) |  Latency (absolute) |  Interval | Pipeline|
    |   min   |   max   |    min   |    max   | min | max |   Type  |
    +---------+---------+----------+----------+-----+-----+---------+
    |       15|       15|  0.150 us|  0.150 us|   15|   15|       no|
    +---------+---------+----------+----------+-----+-----+---------+

    + Detail: 
        * Instance: 
        N/A

        * Loop: 
        N/A



================================================================
== Utilization Estimates
================================================================
* Summary: 
+-----------------+---------+------+--------+--------+-----+
|       Name      | BRAM_18K|  DSP |   FF   |   LUT  | URAM|
+-----------------+---------+------+--------+--------+-----+
|DSP              |        -|     -|       -|       -|    -|
|Expression       |        -|     -|       0|     333|    -|
|FIFO             |        -|     -|       -|       -|    -|
|Instance         |        -|    10|     710|     698|    -|
|Memory           |        -|     -|       -|       -|    -|
|Multiplexer      |        -|     -|       -|     260|    -|
|Register         |        -|     -|     284|       -|    -|
+-----------------+---------+------+--------+--------+-----+
|Total            |        0|    10|     994|    1291|    0|
+-----------------+---------+------+--------+--------+-----+
|Available        |      624|  1728|  460800|  230400|   96|
+-----------------+---------+------+--------+--------+-----+
|Utilization (%)  |        0|    ~0|      ~0|      ~0|    0|
+-----------------+---------+------+--------+--------+-----+

+ Detail: 
    * Instance: 
    +------------------------------------+--------------------------------+---------+----+-----+-----+-----+
    |              Instance              |             Module             | BRAM_18K| DSP|  FF | LUT | URAM|
    +------------------------------------+--------------------------------+---------+----+-----+-----+-----+
    |fcmp_32ns_32ns_1_2_no_dsp_1_U92     |fcmp_32ns_32ns_1_2_no_dsp_1     |        0|   0|    0|    0|    0|
    |fcmp_32ns_32ns_1_2_no_dsp_1_U93     |fcmp_32ns_32ns_1_2_no_dsp_1     |        0|   0|    0|    0|    0|
    |fcmp_32ns_32ns_1_2_no_dsp_1_U94     |fcmp_32ns_32ns_1_2_no_dsp_1     |        0|   0|    0|    0|    0|
    |fcmp_32ns_32ns_1_2_no_dsp_1_U95     |fcmp_32ns_32ns_1_2_no_dsp_1     |        0|   0|    0|    0|    0|
    |fmul_32ns_32ns_32_3_max_dsp_1_U88   |fmul_32ns_32ns_32_3_max_dsp_1   |        0|   3|  128|  135|    0|
    |fmul_32ns_32ns_32_3_max_dsp_1_U89   |fmul_32ns_32ns_32_3_max_dsp_1   |        0|   3|  128|  135|    0|
    |fsub_32ns_32ns_32_4_full_dsp_1_U86  |fsub_32ns_32ns_32_4_full_dsp_1  |        0|   2|  227|  214|    0|
    |fsub_32ns_32ns_32_4_full_dsp_1_U87  |fsub_32ns_32ns_32_4_full_dsp_1  |        0|   2|  227|  214|    0|
    |sitofp_32s_32_4_no_dsp_1_U90        |sitofp_32s_32_4_no_dsp_1        |        0|   0|    0|    0|    0|
    |sitofp_32s_32_4_no_dsp_1_U91        |sitofp_32s_32_4_no_dsp_1        |        0|   0|    0|    0|    0|
    +------------------------------------+--------------------------------+---------+----+-----+-----+-----+
    |Total                               |                                |        0|  10|  710|  698|    0|
    +------------------------------------+--------------------------------+---------+----+-----+-----+-----+

    * DSP: 
    N/A

    * Memory: 
    N/A

    * FIFO: 
    N/A

    * Expression: 
    +-----------------------+----------+----+---+----+------------+------------+
    |     Variable Name     | Operation| DSP| FF| LUT| Bitwidth P0| Bitwidth P1|
    +-----------------------+----------+----+---+----+------------+------------+
    |sub_ln12_3_fu_332_p2   |         -|   0|  0|   9|           2|           2|
    |sub_ln12_4_fu_377_p2   |         -|   0|  0|   9|           2|           2|
    |sub_ln12_fu_179_p2     |         -|   0|  0|   9|           2|           2|
    |sub_ln24_fu_197_p2     |         -|   0|  0|  24|          17|          17|
    |sub_ln28_fu_350_p2     |         -|   0|  0|  24|          17|          17|
    |sub_ln32_fu_395_p2     |         -|   0|  0|  24|          17|          17|
    |and_ln12_10_fu_361_p2  |       and|   0|  0|   2|           1|           1|
    |and_ln12_11_fu_369_p2  |       and|   0|  0|   2|           1|           1|
    |and_ln12_7_fu_171_p2   |       and|   0|  0|   2|           1|           1|
    |and_ln12_8_fu_316_p2   |       and|   0|  0|   2|           1|           1|
    |and_ln12_9_fu_324_p2   |       and|   0|  0|   2|           1|           1|
    |and_ln12_fu_163_p2     |       and|   0|  0|   2|           1|           1|
    |and_ln23_fu_208_p2     |       and|   0|  0|   2|           1|           1|
    |and_ln27_fu_406_p2     |       and|   0|  0|   2|           1|           1|
    |and_ln31_fu_418_p2     |       and|   0|  0|   2|           1|           1|
    |icmp_ln23_1_fu_151_p2  |      icmp|   0|  0|  16|          23|           1|
    |icmp_ln23_fu_145_p2    |      icmp|   0|  0|  11|           8|           2|
    |icmp_ln27_1_fu_256_p2  |      icmp|   0|  0|  16|          23|           1|
    |icmp_ln27_fu_250_p2    |      icmp|   0|  0|  11|           8|           2|
    |icmp_ln31_1_fu_304_p2  |      icmp|   0|  0|  16|          23|           1|
    |icmp_ln31_fu_298_p2    |      icmp|   0|  0|  11|           8|           2|
    |or_ln23_fu_157_p2      |        or|   0|  0|   2|           1|           1|
    |or_ln27_fu_262_p2      |        or|   0|  0|   2|           1|           1|
    |or_ln31_fu_310_p2      |        or|   0|  0|   2|           1|           1|
    |select_ln23_fu_212_p3  |    select|   0|  0|  32|           1|          32|
    |select_ln27_fu_410_p3  |    select|   0|  0|  32|           1|          32|
    |select_ln31_fu_422_p3  |    select|   0|  0|  32|           1|          32|
    |xor_ln21_fu_107_p2     |       xor|   0|  0|  33|          32|          33|
    +-----------------------+----------+----+---+----+------------+------------+
    |Total                  |          |   0|  0| 333|         197|         207|
    +-----------------------+----------+----+---+----+------------+------------+

    * Multiplexer: 
    +------------------+----+-----------+-----+-----------+
    |       Name       | LUT| Input Size| Bits| Total Bits|
    +------------------+----+-----------+-----+-----------+
    |ap_NS_fsm         |  81|         17|    1|         17|
    |ap_return_0       |   9|          2|   32|         64|
    |ap_return_1       |   9|          2|   32|         64|
    |ap_return_2       |   9|          2|   32|         64|
    |grp_fu_53_p0      |  14|          3|   32|         96|
    |grp_fu_53_p1      |  14|          3|   32|         96|
    |grp_fu_65_p0      |  14|          3|   32|         96|
    |grp_fu_71_p0      |  20|          4|   32|        128|
    |grp_fu_71_p1      |  14|          3|   32|         96|
    |grp_fu_76_opcode  |  14|          3|    5|         15|
    |grp_fu_76_p0      |  20|          4|   32|        128|
    |grp_fu_76_p1      |  14|          3|   32|         96|
    |grp_fu_82_opcode  |  14|          3|    5|         15|
    |grp_fu_82_p0      |  14|          3|   32|         96|
    +------------------+----+-----------+-----+-----------+
    |Total             | 260|         55|  363|       1071|
    +------------------+----+-----------+-----+-----------+

    * Register: 
    +---------------------+----+----+-----+-----------+
    |         Name        | FF | LUT| Bits| Const Bits|
    +---------------------+----+----+-----+-----------+
    |ap_CS_fsm            |  16|   0|   16|          0|
    |ap_return_0_preg     |  32|   0|   32|          0|
    |ap_return_1_preg     |  32|   0|   32|          0|
    |ap_return_2_preg     |  32|   0|   32|          0|
    |dc_10_reg_511        |  32|   0|   32|          0|
    |or_ln23_reg_469      |   1|   0|    1|          0|
    |or_ln27_reg_524      |   1|   0|    1|          0|
    |or_ln31_reg_546      |   1|   0|    1|          0|
    |reg_95               |  32|   0|   32|          0|
    |select_ln23_reg_506  |  32|   0|   32|          0|
    |sub3_reg_501         |  32|   0|   32|          0|
    |sub_reg_496          |  32|   0|   32|          0|
    |tmp_24_reg_476       |   1|   0|    1|          0|
    |tmp_25_reg_481       |   1|   0|    1|          0|
    |tmp_27_reg_563       |   1|   0|    1|          0|
    |tmp_28_reg_531       |   1|   0|    1|          0|
    |tmp_29_reg_536       |   1|   0|    1|          0|
    |tmp_31_reg_573       |   1|   0|    1|          0|
    |tmp_32_reg_553       |   1|   0|    1|          0|
    |tmp_33_reg_558       |   1|   0|    1|          0|
    |tmp_s_reg_486        |   1|   0|    1|          0|
    +---------------------+----+----+-----+-----------+
    |Total                | 284|   0|  284|          0|
    +---------------------+----+----+-----+-----------+



================================================================
== Interface
================================================================
* Summary: 
+-------------+-----+-----+------------+-----------------------+--------------+
|  RTL Ports  | Dir | Bits|  Protocol  |     Source Object     |    C Type    |
+-------------+-----+-----+------------+-----------------------+--------------+
|ap_clk       |   in|    1|  ap_ctrl_hs|  clarke_inverse<float>|  return value|
|ap_rst       |   in|    1|  ap_ctrl_hs|  clarke_inverse<float>|  return value|
|ap_start     |   in|    1|  ap_ctrl_hs|  clarke_inverse<float>|  return value|
|ap_done      |  out|    1|  ap_ctrl_hs|  clarke_inverse<float>|  return value|
|ap_idle      |  out|    1|  ap_ctrl_hs|  clarke_inverse<float>|  return value|
|ap_ready     |  out|    1|  ap_ctrl_hs|  clarke_inverse<float>|  return value|
|ap_return_0  |  out|   32|  ap_ctrl_hs|  clarke_inverse<float>|  return value|
|ap_return_1  |  out|   32|  ap_ctrl_hs|  clarke_inverse<float>|  return value|
|ap_return_2  |  out|   32|  ap_ctrl_hs|  clarke_inverse<float>|  return value|
|Valpha       |   in|   32|     ap_none|                 Valpha|        scalar|
|Vbeta        |   in|   32|     ap_none|                  Vbeta|        scalar|
+-------------+-----+-----+------------+-----------------------+--------------+

