

================================================================
== Vitis HLS Report for 'SVPWM_float_s'
================================================================
* Date:           Wed Oct 19 22:36:48 2022

* Version:        2021.2 (Build 3367213 on Tue Oct 19 02:47:39 MDT 2021)
* Project:        foc-rewrite
* Solution:       foc (Vivado IP Flow Target)
* Product family: zynquplus
* Target device:  xczu7ev-ffvc1156-2-e


================================================================
== Performance Estimates
================================================================
+ Timing: 
    * Summary: 
    +--------+----------+----------+------------+
    |  Clock |  Target  | Estimated| Uncertainty|
    +--------+----------+----------+------------+
    |ap_clk  |  10.00 ns|  7.016 ns|     2.70 ns|
    +--------+----------+----------+------------+

+ Latency: 
    * Summary: 
    +---------+---------+----------+----------+-----+-----+---------+
    |  Latency (cycles) |  Latency (absolute) |  Interval | Pipeline|
    |   min   |   max   |    min   |    max   | min | max |   Type  |
    +---------+---------+----------+----------+-----+-----+---------+
    |       10|       10|  0.100 us|  0.100 us|   10|   10|       no|
    +---------+---------+----------+----------+-----+-----+---------+

    + Detail: 
        * Instance: 
        N/A

        * Loop: 
        N/A



================================================================
== Utilization Estimates
================================================================
* Summary: 
+-----------------+---------+------+--------+--------+-----+
|       Name      | BRAM_18K|  DSP |   FF   |   LUT  | URAM|
+-----------------+---------+------+--------+--------+-----+
|DSP              |        -|     -|       -|       -|    -|
|Expression       |        -|     -|       0|    1529|    -|
|FIFO             |        -|     -|       -|       -|    -|
|Instance         |        -|     9|     809|     777|    -|
|Memory           |        -|     -|       -|       -|    -|
|Multiplexer      |        -|     -|       -|      93|    -|
|Register         |        -|     -|     203|       -|    -|
+-----------------+---------+------+--------+--------+-----+
|Total            |        0|     9|    1012|    2399|    0|
+-----------------+---------+------+--------+--------+-----+
|Available        |      624|  1728|  460800|  230400|   96|
+-----------------+---------+------+--------+--------+-----+
|Utilization (%)  |        0|    ~0|      ~0|       1|    0|
+-----------------+---------+------+--------+--------+-----+

+ Detail: 
    * Instance: 
    +-------------------------------------+--------------------------------+---------+----+-----+-----+-----+
    |               Instance              |             Module             | BRAM_18K| DSP|  FF | LUT | URAM|
    +-------------------------------------+--------------------------------+---------+----+-----+-----+-----+
    |fadd_32ns_32ns_32_4_full_dsp_1_U98   |fadd_32ns_32ns_32_4_full_dsp_1  |        0|   2|  227|  214|    0|
    |fadd_32ns_32ns_32_4_full_dsp_1_U99   |fadd_32ns_32ns_32_4_full_dsp_1  |        0|   2|  227|  214|    0|
    |fadd_32ns_32ns_32_4_full_dsp_1_U100  |fadd_32ns_32ns_32_4_full_dsp_1  |        0|   2|  227|  214|    0|
    |fcmp_32ns_32ns_1_2_no_dsp_1_U102     |fcmp_32ns_32ns_1_2_no_dsp_1     |        0|   0|    0|    0|    0|
    |fmul_32ns_32ns_32_3_max_dsp_1_U101   |fmul_32ns_32ns_32_3_max_dsp_1   |        0|   3|  128|  135|    0|
    +-------------------------------------+--------------------------------+---------+----+-----+-----+-----+
    |Total                                |                                |        0|   9|  809|  777|    0|
    +-------------------------------------+--------------------------------+---------+----+-----+-----+-----+

    * DSP: 
    N/A

    * Memory: 
    N/A

    * FIFO: 
    N/A

    * Expression: 
    +------------------------+----------+----+---+-----+------------+------------+
    |      Variable Name     | Operation| DSP| FF| LUT | Bitwidth P0| Bitwidth P1|
    +------------------------+----------+----+---+-----+------------+------------+
    |add_ln344_8_fu_451_p2   |         +|   0|  0|   16|           9|           8|
    |add_ln344_9_fu_590_p2   |         +|   0|  0|   16|           9|           8|
    |add_ln344_fu_312_p2     |         +|   0|  0|   16|           9|           8|
    |result_V_41_fu_394_p2   |         -|   0|  0|   23|           1|          16|
    |result_V_44_fu_533_p2   |         -|   0|  0|   23|           1|          16|
    |result_V_47_fu_672_p2   |         -|   0|  0|   23|           1|          16|
    |sub_ln1364_7_fu_465_p2  |         -|   0|  0|   15|           7|           8|
    |sub_ln1364_8_fu_604_p2  |         -|   0|  0|   15|           7|           8|
    |sub_ln1364_fu_326_p2    |         -|   0|  0|   15|           7|           8|
    |and_ln14_1_fu_168_p2    |       and|   0|  0|    2|           1|           1|
    |and_ln14_fu_162_p2      |       and|   0|  0|    2|           1|           1|
    |and_ln15_1_fu_257_p2    |       and|   0|  0|    2|           1|           1|
    |and_ln15_fu_251_p2      |       and|   0|  0|    2|           1|           1|
    |icmp_ln14_1_fu_132_p2   |      icmp|   0|  0|   16|          23|           1|
    |icmp_ln14_2_fu_144_p2   |      icmp|   0|  0|   11|           8|           2|
    |icmp_ln14_3_fu_150_p2   |      icmp|   0|  0|   16|          23|           1|
    |icmp_ln14_fu_126_p2     |      icmp|   0|  0|   11|           8|           2|
    |icmp_ln15_1_fu_221_p2   |      icmp|   0|  0|   16|          23|           1|
    |icmp_ln15_2_fu_233_p2   |      icmp|   0|  0|   11|           8|           2|
    |icmp_ln15_3_fu_239_p2   |      icmp|   0|  0|   16|          23|           1|
    |icmp_ln15_fu_215_p2     |      icmp|   0|  0|   11|           8|           2|
    |r_V_20_fu_491_p2        |      lshr|   0|  0|  176|          63|          63|
    |r_V_22_fu_630_p2        |      lshr|   0|  0|  176|          63|          63|
    |r_V_fu_352_p2           |      lshr|   0|  0|  176|          63|          63|
    |or_ln14_1_fu_156_p2     |        or|   0|  0|    2|           1|           1|
    |or_ln14_fu_138_p2       |        or|   0|  0|    2|           1|           1|
    |or_ln15_1_fu_245_p2     |        or|   0|  0|    2|           1|           1|
    |or_ln15_fu_227_p2       |        or|   0|  0|    2|           1|           1|
    |min_1_fu_263_p3         |    select|   0|  0|   32|           1|          32|
    |min_fu_174_p3           |    select|   0|  0|   32|           1|          32|
    |result_V_48_fu_539_p3   |    select|   0|  0|   16|           1|          16|
    |result_V_49_fu_678_p3   |    select|   0|  0|   16|           1|          16|
    |result_V_fu_400_p3      |    select|   0|  0|   16|           1|          16|
    |ush_8_fu_475_p3         |    select|   0|  0|    9|           1|           9|
    |ush_9_fu_614_p3         |    select|   0|  0|    9|           1|           9|
    |ush_fu_336_p3           |    select|   0|  0|    9|           1|           9|
    |val_8_fu_525_p3         |    select|   0|  0|   16|           1|          16|
    |val_9_fu_664_p3         |    select|   0|  0|   16|           1|          16|
    |val_fu_386_p3           |    select|   0|  0|   16|           1|          16|
    |r_V_19_fu_358_p2        |       shl|   0|  0|  176|          63|          63|
    |r_V_21_fu_497_p2        |       shl|   0|  0|  176|          63|          63|
    |r_V_23_fu_636_p2        |       shl|   0|  0|  176|          63|          63|
    +------------------------+----------+----+---+-----+------------+------------+
    |Total                   |          |   0|  0| 1529|         572|         681|
    +------------------------+----------+----+---+-----+------------+------------+

    * Multiplexer: 
    +--------------+----+-----------+-----+-----------+
    |     Name     | LUT| Input Size| Bits| Total Bits|
    +--------------+----+-----------+-----+-----------+
    |ap_NS_fsm     |  65|         12|    1|         12|
    |grp_fu_85_p0  |  14|          3|   32|         96|
    |grp_fu_85_p1  |  14|          3|   32|         96|
    +--------------+----+-----------+-----+-----------+
    |Total         |  93|         18|   65|        204|
    +--------------+----+-----------+-----+-----------+

    * Register: 
    +----------------+----+----+-----+-----------+
    |      Name      | FF | LUT| Bits| Const Bits|
    +----------------+----+----+-----+-----------+
    |ap_CS_fsm       |  11|   0|   11|          0|
    |dc_11_reg_752   |  32|   0|   32|          0|
    |dc_12_reg_757   |  32|   0|   32|          0|
    |dc_reg_747      |  32|   0|   32|          0|
    |min_1_reg_735   |  32|   0|   32|          0|
    |min_reg_728     |  32|   0|   32|          0|
    |offset_reg_740  |  32|   0|   32|          0|
    +----------------+----+----+-----+-----------+
    |Total           | 203|   0|  203|          0|
    +----------------+----+----+-----+-----------+



================================================================
== Interface
================================================================
* Summary: 
+-------------+-----+-----+------------+--------------+--------------+
|  RTL Ports  | Dir | Bits|  Protocol  | Source Object|    C Type    |
+-------------+-----+-----+------------+--------------+--------------+
|ap_clk       |   in|    1|  ap_ctrl_hs|  SVPWM<float>|  return value|
|ap_rst       |   in|    1|  ap_ctrl_hs|  SVPWM<float>|  return value|
|ap_start     |   in|    1|  ap_ctrl_hs|  SVPWM<float>|  return value|
|ap_done      |  out|    1|  ap_ctrl_hs|  SVPWM<float>|  return value|
|ap_idle      |  out|    1|  ap_ctrl_hs|  SVPWM<float>|  return value|
|ap_ready     |  out|    1|  ap_ctrl_hs|  SVPWM<float>|  return value|
|ap_return_0  |  out|   16|  ap_ctrl_hs|  SVPWM<float>|  return value|
|ap_return_1  |  out|   16|  ap_ctrl_hs|  SVPWM<float>|  return value|
|ap_return_2  |  out|   16|  ap_ctrl_hs|  SVPWM<float>|  return value|
|Va           |   in|   32|     ap_none|            Va|        scalar|
|Vb           |   in|   32|     ap_none|            Vb|        scalar|
|Vc           |   in|   32|     ap_none|            Vc|        scalar|
+-------------+-----+-----+------------+--------------+--------------+

